MO find_max NULL find_max.v vlg6E/find__max.bin 1562393003
MO IEEE NULL IEEE.v vlg00/_i_e_e_e.bin 1562393003
MO ALU1 NULL ALU1.v vlg03/_a_l_u1.bin 1562319084
MO sub NULL sub.v vlg66/sub.bin 1562393003
MO count_ones NULL count_ones.v vlg5D/count__ones.bin 1562393003
MO add NULL add.v vlg51/add.bin 1562392622
MO mul NULL mul.v vlg5A/mul.bin 1562393003
MO ALU NULL ALU.v vlg2A/_a_l_u.bin 1562393003
MO XOR NULL XOR.v vlg75/_x_o_r.bin 1562393003
